[96m
ΓòöΓòÉΓòÉΓòÉΓòÉΓòÉΓòÉΓòÉΓòÉΓòÉΓòÉΓòÉΓòÉΓòÉΓòÉΓòÉΓòÉΓòÉΓòÉΓòÉΓòÉΓòÉΓòÉΓòÉΓòÉΓòÉΓòÉΓòÉΓòÉΓòÉΓòÉΓòÉΓòÉΓòÉΓòÉΓòÉΓòÉΓòÉΓòÉΓòÉΓòÉΓòÉΓòÉΓòÉΓòÉΓòÉΓòÉΓòÉΓòÉΓòÉΓòÉΓòÉΓòÉΓòÉΓòÉΓòÉΓòÉΓòÉΓòÉΓòÉΓòÉΓòÉΓòÉΓòÉΓòÉΓòÉΓòÉΓòÉΓòÉΓòÉΓòÉΓòÉΓòÉΓòù
Γòæ                  ≡ƒº¬ FOOD DELIVERY SYSTEM - TEST SUITE ≡ƒº¬               Γòæ
Γòæ                                                                        Γòæ
Γòæ  Testing: Food Delivery System API Gateway & Microservices            Γòæ
Γòæ  Base URL: http://localhost:5000.............. Γòæ
Γòæ  Timeout: 10s                                                      Γòæ
Γòæ                                                                        Γòæ
Γòæ  ≡ƒôè Total Tests: 25                                                        Γòæ
Γòæ                                                                        Γòæ
Γòæ  Services being tested:                                               Γòæ
Γòæ    ≡ƒöÉ API Gateway (5000)                                              Γòæ
Γòæ    ≡ƒæñ User Service (5001)                                             Γòæ
Γòæ    ≡ƒì╜∩╕Å  Restaurant Service (5002)                                      Γòæ
Γòæ    ≡ƒôª Order Service (5003)                                            Γòæ
Γòæ    ≡ƒÜÜ Delivery Service (5004)                                         Γòæ
Γòæ    ≡ƒÆ│ Payment Service (5005)                                          Γòæ
Γòæ                                                                        Γòæ
ΓòÜΓòÉΓòÉΓòÉΓòÉΓòÉΓòÉΓòÉΓòÉΓòÉΓòÉΓòÉΓòÉΓòÉΓòÉΓòÉΓòÉΓòÉΓòÉΓòÉΓòÉΓòÉΓòÉΓòÉΓòÉΓòÉΓòÉΓòÉΓòÉΓòÉΓòÉΓòÉΓòÉΓòÉΓòÉΓòÉΓòÉΓòÉΓòÉΓòÉΓòÉΓòÉΓòÉΓòÉΓòÉΓòÉΓòÉΓòÉΓòÉΓòÉΓòÉΓòÉΓòÉΓòÉΓòÉΓòÉΓòÉΓòÉΓòÉΓòÉΓòÉΓòÉΓòÉΓòÉΓòÉΓòÉΓòÉΓòÉΓòÉΓòÉΓòÉΓòÉΓòÉΓò¥
    [0m

[96m≡ƒöÉ ATTEMPTING LOGIN...[0m

[92mΓ£à Login successful![0m
   Token: eyJhbGciOiJIUzI1NiIsInR5cCI6IkpXVCJ9.eyJmcmVzaCI6Z...

[1m======================================================================[0m
[1m≡ƒº¬ RUNNING TEST SUITE[0m (5 tests)
[1m======================================================================[0m

[ 1/5] Γ£à Health Check...................................... [92m(200)[0m
[ 2/5] Γ£à Non-existent Service.............................. [92m(404)[0m
[ 3/5] Γ£à Login Admin....................................... [92m(200)[0m
[ 4/5] Γ¥î Verify Token...................................... [91m(404)[0m
[ 5/5] Γ¥î Get All Users..................................... [91m(404)[0m

[1m======================================================================[0m
[1m≡ƒôè TEST SUMMARY[0m
[1m======================================================================[0m

Total Tests Run: 5
[92mΓ£à PASSED: 3 (60.0%)[0m
[91mΓ¥î FAILED: 2 (40.0%)[0m

≡ƒÜ¿ [91mOVERALL RESULT:[0m [91mSIGNIFICANT FAILURES - Major issues detected[0m

[1m≡ƒôï RESULTS BY CATEGORY:[0m

  Authentication.......................... [93m1/2[0m
  Error Handling.......................... [92m1/1[0m
  Health.................................. [92m1/1[0m
  User Service............................ [91m0/1[0m

[91mΓ¥î FAILED TESTS:[0m

  [ 4] Verify Token................................. (Status: 404)
  [ 5] Get All Users................................ (Status: 404)

[1m======================================================================[0m

